Archive member included because of file (symbol)

c:/winavr-20071221/bin/../lib/gcc/avr/4.2.2/avr4\libgcc.a(_exit.o)
                              c:/winavr-20071221/bin/../lib/gcc/avr/4.2.2/../../../../avr/lib/avr4/crtm8.o (exit)
c:/winavr-20071221/bin/../lib/gcc/avr/4.2.2/avr4\libgcc.a(_copy_data.o)
                              Main.o (__do_copy_data)
c:/winavr-20071221/bin/../lib/gcc/avr/4.2.2/avr4\libgcc.a(_clear_bss.o)
                              Main.o (__do_clear_bss)
c:/winavr-20071221/bin/../lib/gcc/avr/4.2.2/avr4\libgcc.a(_div_sf.o)
                              Main.o (__divsf3)
c:/winavr-20071221/bin/../lib/gcc/avr/4.2.2/avr4\libgcc.a(_si_to_sf.o)
                              Main.o (__floatsisf)
c:/winavr-20071221/bin/../lib/gcc/avr/4.2.2/avr4\libgcc.a(_sf_to_si.o)
                              Main.o (__fixsfsi)
c:/winavr-20071221/bin/../lib/gcc/avr/4.2.2/avr4\libgcc.a(_thenan_sf.o)
                              c:/winavr-20071221/bin/../lib/gcc/avr/4.2.2/avr4\libgcc.a(_div_sf.o) (__thenan_sf)
c:/winavr-20071221/bin/../lib/gcc/avr/4.2.2/avr4\libgcc.a(_prologue.o)
                              c:/winavr-20071221/bin/../lib/gcc/avr/4.2.2/avr4\libgcc.a(_div_sf.o) (__prologue_saves__)
c:/winavr-20071221/bin/../lib/gcc/avr/4.2.2/avr4\libgcc.a(_epilogue.o)
                              c:/winavr-20071221/bin/../lib/gcc/avr/4.2.2/avr4\libgcc.a(_div_sf.o) (__epilogue_restores__)
c:/winavr-20071221/bin/../lib/gcc/avr/4.2.2/avr4\libgcc.a(_clzsi2.o)
                              c:/winavr-20071221/bin/../lib/gcc/avr/4.2.2/avr4\libgcc.a(_si_to_sf.o) (__clzsi2)
c:/winavr-20071221/bin/../lib/gcc/avr/4.2.2/avr4\libgcc.a(_pack_sf.o)
                              c:/winavr-20071221/bin/../lib/gcc/avr/4.2.2/avr4\libgcc.a(_div_sf.o) (__pack_f)
c:/winavr-20071221/bin/../lib/gcc/avr/4.2.2/avr4\libgcc.a(_unpack_sf.o)
                              c:/winavr-20071221/bin/../lib/gcc/avr/4.2.2/avr4\libgcc.a(_div_sf.o) (__unpack_f)
c:/winavr-20071221/bin/../lib/gcc/avr/4.2.2/avr4\libgcc.a(_clz.o)
                              c:/winavr-20071221/bin/../lib/gcc/avr/4.2.2/avr4\libgcc.a(_clzsi2.o) (__clz_tab)
c:/winavr-20071221/bin/../lib/gcc/avr/4.2.2/../../../../avr/lib/avr4\libc.a(rand.o)
                              Main.o (rand)
c:/winavr-20071221/bin/../lib/gcc/avr/4.2.2/../../../../avr/lib/avr4\libc.a(ee_rb.1C1D1E.o)
                              Main.o (__eeprom_read_byte_1C1D1E)
c:/winavr-20071221/bin/../lib/gcc/avr/4.2.2/../../../../avr/lib/avr4\libc.a(ee_wb.1C1D1E.o)
                              Main.o (__eeprom_write_byte_1C1D1E)
c:/winavr-20071221/bin/../lib/gcc/avr/4.2.2/avr4\libgcc.a(_mulsi3.o)
                              c:/winavr-20071221/bin/../lib/gcc/avr/4.2.2/../../../../avr/lib/avr4\libc.a(rand.o) (__mulsi3)
c:/winavr-20071221/bin/../lib/gcc/avr/4.2.2/avr4\libgcc.a(_divmodsi4.o)
                              c:/winavr-20071221/bin/../lib/gcc/avr/4.2.2/../../../../avr/lib/avr4\libc.a(rand.o) (__divmodsi4)
c:/winavr-20071221/bin/../lib/gcc/avr/4.2.2/avr4\libgcc.a(_udivmodsi4.o)
                              c:/winavr-20071221/bin/../lib/gcc/avr/4.2.2/avr4\libgcc.a(_divmodsi4.o) (__udivmodsi4)

Allocating common symbols
Common symbol       size              file

ByteOfData          0x1               Main.o

Memory Configuration

Name             Origin             Length             Attributes
text             0x00000000         0x00002000         xr
data             0x00800060         0x0000ffa0         rw !x
eeprom           0x00810000         0x00010000         rw !x
fuse             0x00820000         0x00000400         rw !x
lock             0x00830000         0x00000400         rw !x
signature        0x00840000         0x00000400         rw !x
*default*        0x00000000         0xffffffff

Linker script and memory map

LOAD c:/winavr-20071221/bin/../lib/gcc/avr/4.2.2/../../../../avr/lib/avr4/crtm8.o
LOAD Main.o
LOAD Motors.o
LOAD Prox.o
LOAD Compass.o
LOAD SerialCereal.o
LOAD StateOfMind.o
LOAD c:/winavr-20071221/bin/../lib/gcc/avr/4.2.2/avr4\libgcc.a
LOAD c:/winavr-20071221/bin/../lib/gcc/avr/4.2.2/../../../../avr/lib/avr4\libc.a
LOAD c:/winavr-20071221/bin/../lib/gcc/avr/4.2.2/avr4\libgcc.a

.hash
 *(.hash)

.dynsym
 *(.dynsym)

.dynstr
 *(.dynstr)

.gnu.version
 *(.gnu.version)

.gnu.version_d
 *(.gnu.version_d)

.gnu.version_r
 *(.gnu.version_r)

.rel.init
 *(.rel.init)

.rela.init
 *(.rela.init)

.rel.text
 *(.rel.text)
 *(.rel.text.*)
 *(.rel.gnu.linkonce.t*)

.rela.text
 *(.rela.text)
 *(.rela.text.*)
 *(.rela.gnu.linkonce.t*)

.rel.fini
 *(.rel.fini)

.rela.fini
 *(.rela.fini)

.rel.rodata
 *(.rel.rodata)
 *(.rel.rodata.*)
 *(.rel.gnu.linkonce.r*)

.rela.rodata
 *(.rela.rodata)
 *(.rela.rodata.*)
 *(.rela.gnu.linkonce.r*)

.rel.data
 *(.rel.data)
 *(.rel.data.*)
 *(.rel.gnu.linkonce.d*)

.rela.data
 *(.rela.data)
 *(.rela.data.*)
 *(.rela.gnu.linkonce.d*)

.rel.ctors
 *(.rel.ctors)

.rela.ctors
 *(.rela.ctors)

.rel.dtors
 *(.rel.dtors)

.rela.dtors
 *(.rela.dtors)

.rel.got
 *(.rel.got)

.rela.got
 *(.rela.got)

.rel.bss
 *(.rel.bss)

.rela.bss
 *(.rela.bss)

.rel.plt
 *(.rel.plt)

.rela.plt
 *(.rela.plt)

.text           0x00000000     0x115c
 *(.vectors)
 .vectors       0x00000000       0x26 c:/winavr-20071221/bin/../lib/gcc/avr/4.2.2/../../../../avr/lib/avr4/crtm8.o
                0x00000000                __vectors
                0x00000000                __vector_default
 *(.vectors)
 *(.progmem.gcc*)
 *(.progmem*)
                0x00000026                . = ALIGN (0x2)
                0x00000026                __trampolines_start = .
 *(.trampolines)
 .trampolines   0x00000026        0x0 linker stubs
 *(.trampolines*)
                0x00000026                __trampolines_end = .
 *(.jumptables)
 *(.jumptables*)
 *(.lowtext)
 *(.lowtext*)
                0x00000026                __ctors_start = .
 *(.ctors)
                0x00000026                __ctors_end = .
                0x00000026                __dtors_start = .
 *(.dtors)
                0x00000026                __dtors_end = .
 SORT(*)(.ctors)
 SORT(*)(.dtors)
 *(.init0)
 .init0         0x00000026        0x0 c:/winavr-20071221/bin/../lib/gcc/avr/4.2.2/../../../../avr/lib/avr4/crtm8.o
                0x00000026                __init
 *(.init0)
 *(.init1)
 *(.init1)
 *(.init2)
 .init2         0x00000026        0xc c:/winavr-20071221/bin/../lib/gcc/avr/4.2.2/../../../../avr/lib/avr4/crtm8.o
 *(.init2)
 *(.init3)
 *(.init3)
 *(.init4)
 .init4         0x00000032       0x16 c:/winavr-20071221/bin/../lib/gcc/avr/4.2.2/avr4\libgcc.a(_copy_data.o)
                0x00000032                __do_copy_data
 .init4         0x00000048       0x10 c:/winavr-20071221/bin/../lib/gcc/avr/4.2.2/avr4\libgcc.a(_clear_bss.o)
                0x00000048                __do_clear_bss
 *(.init4)
 *(.init5)
 *(.init5)
 *(.init6)
 *(.init6)
 *(.init7)
 *(.init7)
 *(.init8)
 *(.init8)
 *(.init9)
 .init9         0x00000058        0x4 c:/winavr-20071221/bin/../lib/gcc/avr/4.2.2/../../../../avr/lib/avr4/crtm8.o
 *(.init9)
 *(.text)
 .text          0x0000005c        0x2 c:/winavr-20071221/bin/../lib/gcc/avr/4.2.2/../../../../avr/lib/avr4/crtm8.o
                0x0000005c                __vector_1
                0x0000005c                __vector_12
                0x0000005c                __bad_interrupt
                0x0000005c                __vector_6
                0x0000005c                __vector_3
                0x0000005c                __vector_11
                0x0000005c                __vector_13
                0x0000005c                __vector_17
                0x0000005c                __vector_7
                0x0000005c                __vector_5
                0x0000005c                __vector_4
                0x0000005c                __vector_9
                0x0000005c                __vector_2
                0x0000005c                __vector_15
                0x0000005c                __vector_8
                0x0000005c                __vector_14
                0x0000005c                __vector_10
                0x0000005c                __vector_16
                0x0000005c                __vector_18
 .text          0x0000005e      0x6dc Main.o
                0x0000039e                daRandomNo
                0x0000010e                bit_get
                0x00000290                IndicateJumperViaLED
                0x00000682                InitEverything
                0x00000074                InitLEDs
                0x000004a0                MrE_Mode
                0x0000007c                ShowLEDvalue
                0x000000dc                delayms
                0x000000ae                InitJumpers
                0x000000c2                IsCloseEnough
                0x000003f2                MakeAMove
                0x0000020e                BlinkANumber
                0x0000005e                ReadByteFromEeprom
                0x0000032e                NoProx
                0x000000b8                InitializeDistance
                0x000001cc                GetJumperValue
                0x0000006a                WriteByteToEeprom
                0x000000f2                BlinkAll
                0x000006a4                main
                0x00000276                IFeelDifferent
                0x0000010c                Delay
                0x0000056e                DemoMode2
                0x00000126                GetDistance
                0x00000508                DemoMode1
                0x000002a8                MrEhasStoppedNow
                0x00000296                DebugMode
 .text          0x0000073a      0x10a Motors.o
                0x00000756                MyLeftWheelStop
                0x00000768                MyRightWheelBackward
                0x0000073e                DisableLeftMotor
                0x0000077a                TurnRight
                0x000007f8                BackwardBreak
                0x00000762                MyRightWheelForward
                0x00000742                EnableRightMotor
                0x00000780                TurnLeft
                0x0000076e                MyRightWheelStop
                0x000007c2                StepForward
                0x00000746                DisableRightMotor
                0x0000074a                MyLeftWheelForward
                0x00000798                StepBackward
                0x00000792                FullStop
                0x0000075c                MyLeftWheelBreak
                0x0000081e                ForwardBreak
                0x00000786                GoForward
                0x0000073a                EnableLeftMotor
                0x00000774                MyRightWheelBreak
                0x00000750                MyLeftWheelBackward
                0x0000078c                BackUp
 .text          0x00000844       0x18 Prox.o
                0x00000844                LeftProxOn
                0x00000850                RightProxOn
 .text          0x0000085c       0xe8 Compass.o
                0x0000085c                loop
                0x000008bc                ShiftOut
                0x00000906                HM55B_ReadCommand
                0x00000940                setup
                0x0000085e                ShiftIn
                0x0000092e                HM55B_Reset
                0x0000091c                HM55B_StartMeasurementCommand
 .text          0x00000944       0x1c SerialCereal.o
                0x00000956                SPI_MasterRecieve
                0x00000958                SampleSerial
                0x00000944                SPI_MasterInit
                0x0000094e                SPI_MasterTransmit
 .text          0x00000960        0x0 StateOfMind.o
 .text          0x00000960        0x0 c:/winavr-20071221/bin/../lib/gcc/avr/4.2.2/avr4\libgcc.a(_exit.o)
 .text          0x00000960        0x0 c:/winavr-20071221/bin/../lib/gcc/avr/4.2.2/avr4\libgcc.a(_copy_data.o)
 .text          0x00000960        0x0 c:/winavr-20071221/bin/../lib/gcc/avr/4.2.2/avr4\libgcc.a(_clear_bss.o)
 .text          0x00000960      0x160 c:/winavr-20071221/bin/../lib/gcc/avr/4.2.2/avr4\libgcc.a(_div_sf.o)
                0x00000960                __divsf3
 .text          0x00000ac0       0xb4 c:/winavr-20071221/bin/../lib/gcc/avr/4.2.2/avr4\libgcc.a(_si_to_sf.o)
                0x00000ac0                __floatsisf
 .text          0x00000b74       0xa0 c:/winavr-20071221/bin/../lib/gcc/avr/4.2.2/avr4\libgcc.a(_sf_to_si.o)
                0x00000b74                __fixsfsi
 .text          0x00000c14        0x0 c:/winavr-20071221/bin/../lib/gcc/avr/4.2.2/avr4\libgcc.a(_thenan_sf.o)
 .text          0x00000c14        0x0 c:/winavr-20071221/bin/../lib/gcc/avr/4.2.2/avr4\libgcc.a(_prologue.o)
 .text          0x00000c14        0x0 c:/winavr-20071221/bin/../lib/gcc/avr/4.2.2/avr4\libgcc.a(_epilogue.o)
 .text          0x00000c14       0x9a c:/winavr-20071221/bin/../lib/gcc/avr/4.2.2/avr4\libgcc.a(_clzsi2.o)
                0x00000c14                __clzsi2
 .text          0x00000cae      0x1c0 c:/winavr-20071221/bin/../lib/gcc/avr/4.2.2/avr4\libgcc.a(_pack_sf.o)
                0x00000cae                __pack_f
 .text          0x00000e6e       0xe0 c:/winavr-20071221/bin/../lib/gcc/avr/4.2.2/avr4\libgcc.a(_unpack_sf.o)
                0x00000e6e                __unpack_f
 .text          0x00000f4e        0x0 c:/winavr-20071221/bin/../lib/gcc/avr/4.2.2/avr4\libgcc.a(_clz.o)
 .text          0x00000f4e       0xbe c:/winavr-20071221/bin/../lib/gcc/avr/4.2.2/../../../../avr/lib/avr4\libc.a(rand.o)
                0x00000fea                rand_r
                0x00000fee                rand
                0x00000ff6                srand
 .text          0x0000100c        0x0 c:/winavr-20071221/bin/../lib/gcc/avr/4.2.2/../../../../avr/lib/avr4\libc.a(ee_rb.1C1D1E.o)
 .text          0x0000100c        0x0 c:/winavr-20071221/bin/../lib/gcc/avr/4.2.2/../../../../avr/lib/avr4\libc.a(ee_wb.1C1D1E.o)
 .text          0x0000100c        0x0 c:/winavr-20071221/bin/../lib/gcc/avr/4.2.2/avr4\libgcc.a(_mulsi3.o)
 .text          0x0000100c        0x0 c:/winavr-20071221/bin/../lib/gcc/avr/4.2.2/avr4\libgcc.a(_divmodsi4.o)
 .text          0x0000100c        0x0 c:/winavr-20071221/bin/../lib/gcc/avr/4.2.2/avr4\libgcc.a(_udivmodsi4.o)
                0x0000100c                . = ALIGN (0x2)
 *(.text.*)
 .text.libgcc   0x0000100c        0x0 c:/winavr-20071221/bin/../lib/gcc/avr/4.2.2/avr4\libgcc.a(_exit.o)
 .text.libgcc   0x0000100c        0x0 c:/winavr-20071221/bin/../lib/gcc/avr/4.2.2/avr4\libgcc.a(_copy_data.o)
 .text.libgcc   0x0000100c        0x0 c:/winavr-20071221/bin/../lib/gcc/avr/4.2.2/avr4\libgcc.a(_clear_bss.o)
 .text.libgcc   0x0000100c       0x38 c:/winavr-20071221/bin/../lib/gcc/avr/4.2.2/avr4\libgcc.a(_prologue.o)
                0x0000100c                __prologue_saves__
 .text.libgcc   0x00001044       0x36 c:/winavr-20071221/bin/../lib/gcc/avr/4.2.2/avr4\libgcc.a(_epilogue.o)
                0x00001044                __epilogue_restores__
 .text.eeprom   0x0000107a       0x10 c:/winavr-20071221/bin/../lib/gcc/avr/4.2.2/../../../../avr/lib/avr4\libc.a(ee_rb.1C1D1E.o)
                0x0000107a                __eeprom_read_byte_1C1D1E
 .text.eeprom   0x0000108a       0x18 c:/winavr-20071221/bin/../lib/gcc/avr/4.2.2/../../../../avr/lib/avr4\libc.a(ee_wb.1C1D1E.o)
                0x0000108a                __eeprom_write_byte_1C1D1E
 .text.libgcc   0x000010a2       0x3e c:/winavr-20071221/bin/../lib/gcc/avr/4.2.2/avr4\libgcc.a(_mulsi3.o)
                0x000010a2                __mulsi3
 .text.libgcc   0x000010e0       0x36 c:/winavr-20071221/bin/../lib/gcc/avr/4.2.2/avr4\libgcc.a(_divmodsi4.o)
                0x000010e0                __divmodsi4
 .text.libgcc   0x00001116       0x44 c:/winavr-20071221/bin/../lib/gcc/avr/4.2.2/avr4\libgcc.a(_udivmodsi4.o)
                0x00001116                __udivmodsi4
                0x0000115a                . = ALIGN (0x2)
 *(.fini9)
 .fini9         0x0000115a        0x0 c:/winavr-20071221/bin/../lib/gcc/avr/4.2.2/avr4\libgcc.a(_exit.o)
                0x0000115a                exit
                0x0000115a                _exit
 *(.fini9)
 *(.fini8)
 *(.fini8)
 *(.fini7)
 *(.fini7)
 *(.fini6)
 *(.fini6)
 *(.fini5)
 *(.fini5)
 *(.fini4)
 *(.fini4)
 *(.fini3)
 *(.fini3)
 *(.fini2)
 *(.fini2)
 *(.fini1)
 *(.fini1)
 *(.fini0)
 .fini0         0x0000115a        0x2 c:/winavr-20071221/bin/../lib/gcc/avr/4.2.2/avr4\libgcc.a(_exit.o)
 *(.fini0)
                0x0000115c                _etext = .

.data           0x00800060      0x118 load address 0x0000115c
                0x00800060                PROVIDE (__data_start, .)
 *(.data)
 .data          0x00800060        0x0 c:/winavr-20071221/bin/../lib/gcc/avr/4.2.2/../../../../avr/lib/avr4/crtm8.o
 .data          0x00800060        0xc Main.o
                0x0080006a                TOO_FAR
                0x00800066                ITZ_TOO_CLOSE
                0x00800064                TOO_CLOSE
                0x00800060                aByteFromEeprom
                0x00800068                ITZ_TOO_FAR
                0x00800062                MyPreviousStateOfMind
 .data          0x0080006c        0x0 Motors.o
 .data          0x0080006c        0x0 Prox.o
 .data          0x0080006c        0x0 Compass.o
 .data          0x0080006c        0x0 SerialCereal.o
 .data          0x0080006c        0x0 StateOfMind.o
 .data          0x0080006c        0x0 c:/winavr-20071221/bin/../lib/gcc/avr/4.2.2/avr4\libgcc.a(_exit.o)
 .data          0x0080006c        0x0 c:/winavr-20071221/bin/../lib/gcc/avr/4.2.2/avr4\libgcc.a(_copy_data.o)
 .data          0x0080006c        0x0 c:/winavr-20071221/bin/../lib/gcc/avr/4.2.2/avr4\libgcc.a(_clear_bss.o)
 .data          0x0080006c        0x0 c:/winavr-20071221/bin/../lib/gcc/avr/4.2.2/avr4\libgcc.a(_div_sf.o)
 .data          0x0080006c        0x0 c:/winavr-20071221/bin/../lib/gcc/avr/4.2.2/avr4\libgcc.a(_si_to_sf.o)
 .data          0x0080006c        0x0 c:/winavr-20071221/bin/../lib/gcc/avr/4.2.2/avr4\libgcc.a(_sf_to_si.o)
 .data          0x0080006c        0x8 c:/winavr-20071221/bin/../lib/gcc/avr/4.2.2/avr4\libgcc.a(_thenan_sf.o)
                0x0080006c                __thenan_sf
 .data          0x00800074        0x0 c:/winavr-20071221/bin/../lib/gcc/avr/4.2.2/avr4\libgcc.a(_prologue.o)
 .data          0x00800074        0x0 c:/winavr-20071221/bin/../lib/gcc/avr/4.2.2/avr4\libgcc.a(_epilogue.o)
 .data          0x00800074        0x0 c:/winavr-20071221/bin/../lib/gcc/avr/4.2.2/avr4\libgcc.a(_clzsi2.o)
 .data          0x00800074        0x0 c:/winavr-20071221/bin/../lib/gcc/avr/4.2.2/avr4\libgcc.a(_pack_sf.o)
 .data          0x00800074        0x0 c:/winavr-20071221/bin/../lib/gcc/avr/4.2.2/avr4\libgcc.a(_unpack_sf.o)
 .data          0x00800074      0x100 c:/winavr-20071221/bin/../lib/gcc/avr/4.2.2/avr4\libgcc.a(_clz.o)
                0x00800074                __clz_tab
 .data          0x00800174        0x4 c:/winavr-20071221/bin/../lib/gcc/avr/4.2.2/../../../../avr/lib/avr4\libc.a(rand.o)
 .data          0x00800178        0x0 c:/winavr-20071221/bin/../lib/gcc/avr/4.2.2/../../../../avr/lib/avr4\libc.a(ee_rb.1C1D1E.o)
 .data          0x00800178        0x0 c:/winavr-20071221/bin/../lib/gcc/avr/4.2.2/../../../../avr/lib/avr4\libc.a(ee_wb.1C1D1E.o)
 .data          0x00800178        0x0 c:/winavr-20071221/bin/../lib/gcc/avr/4.2.2/avr4\libgcc.a(_mulsi3.o)
 .data          0x00800178        0x0 c:/winavr-20071221/bin/../lib/gcc/avr/4.2.2/avr4\libgcc.a(_divmodsi4.o)
 .data          0x00800178        0x0 c:/winavr-20071221/bin/../lib/gcc/avr/4.2.2/avr4\libgcc.a(_udivmodsi4.o)
 *(.data*)
 *(.rodata)
 *(.rodata*)
 *(.gnu.linkonce.d*)
                0x00800178                . = ALIGN (0x2)
                0x00800178                _edata = .
                0x00800178                PROVIDE (__data_end, .)

.bss            0x00800178        0xd load address 0x00001274
                0x00800178                PROVIDE (__bss_start, .)
 *(.bss)
 .bss           0x00800178        0x0 c:/winavr-20071221/bin/../lib/gcc/avr/4.2.2/../../../../avr/lib/avr4/crtm8.o
 .bss           0x00800178        0xc Main.o
                0x00800178                X_Data
                0x0080017c                angle
                0x0080017e                MyStateOfMind
                0x00800180                PreviousProxState
                0x00800182                daWaitingCount
                0x0080017a                Y_Data
 .bss           0x00800184        0x0 Motors.o
 .bss           0x00800184        0x0 Prox.o
 .bss           0x00800184        0x0 Compass.o
 .bss           0x00800184        0x0 SerialCereal.o
 .bss           0x00800184        0x0 StateOfMind.o
 .bss           0x00800184        0x0 c:/winavr-20071221/bin/../lib/gcc/avr/4.2.2/avr4\libgcc.a(_exit.o)
 .bss           0x00800184        0x0 c:/winavr-20071221/bin/../lib/gcc/avr/4.2.2/avr4\libgcc.a(_copy_data.o)
 .bss           0x00800184        0x0 c:/winavr-20071221/bin/../lib/gcc/avr/4.2.2/avr4\libgcc.a(_clear_bss.o)
 .bss           0x00800184        0x0 c:/winavr-20071221/bin/../lib/gcc/avr/4.2.2/avr4\libgcc.a(_div_sf.o)
 .bss           0x00800184        0x0 c:/winavr-20071221/bin/../lib/gcc/avr/4.2.2/avr4\libgcc.a(_si_to_sf.o)
 .bss           0x00800184        0x0 c:/winavr-20071221/bin/../lib/gcc/avr/4.2.2/avr4\libgcc.a(_sf_to_si.o)
 .bss           0x00800184        0x0 c:/winavr-20071221/bin/../lib/gcc/avr/4.2.2/avr4\libgcc.a(_thenan_sf.o)
 .bss           0x00800184        0x0 c:/winavr-20071221/bin/../lib/gcc/avr/4.2.2/avr4\libgcc.a(_prologue.o)
 .bss           0x00800184        0x0 c:/winavr-20071221/bin/../lib/gcc/avr/4.2.2/avr4\libgcc.a(_epilogue.o)
 .bss           0x00800184        0x0 c:/winavr-20071221/bin/../lib/gcc/avr/4.2.2/avr4\libgcc.a(_clzsi2.o)
 .bss           0x00800184        0x0 c:/winavr-20071221/bin/../lib/gcc/avr/4.2.2/avr4\libgcc.a(_pack_sf.o)
 .bss           0x00800184        0x0 c:/winavr-20071221/bin/../lib/gcc/avr/4.2.2/avr4\libgcc.a(_unpack_sf.o)
 .bss           0x00800184        0x0 c:/winavr-20071221/bin/../lib/gcc/avr/4.2.2/avr4\libgcc.a(_clz.o)
 .bss           0x00800184        0x0 c:/winavr-20071221/bin/../lib/gcc/avr/4.2.2/../../../../avr/lib/avr4\libc.a(rand.o)
 .bss           0x00800184        0x0 c:/winavr-20071221/bin/../lib/gcc/avr/4.2.2/../../../../avr/lib/avr4\libc.a(ee_rb.1C1D1E.o)
 .bss           0x00800184        0x0 c:/winavr-20071221/bin/../lib/gcc/avr/4.2.2/../../../../avr/lib/avr4\libc.a(ee_wb.1C1D1E.o)
 .bss           0x00800184        0x0 c:/winavr-20071221/bin/../lib/gcc/avr/4.2.2/avr4\libgcc.a(_mulsi3.o)
 .bss           0x00800184        0x0 c:/winavr-20071221/bin/../lib/gcc/avr/4.2.2/avr4\libgcc.a(_divmodsi4.o)
 .bss           0x00800184        0x0 c:/winavr-20071221/bin/../lib/gcc/avr/4.2.2/avr4\libgcc.a(_udivmodsi4.o)
 *(.bss*)
 *(COMMON)
 COMMON         0x00800184        0x1 Main.o
                0x00800184                ByteOfData
                0x00800185                PROVIDE (__bss_end, .)
                0x0000115c                __data_load_start = LOADADDR (.data)
                0x00001274                __data_load_end = (__data_load_start + SIZEOF (.data))

.noinit         0x00800185        0x0
                0x00800185                PROVIDE (__noinit_start, .)
 *(.noinit*)
                0x00800185                PROVIDE (__noinit_end, .)
                0x00800185                _end = .
                0x00800185                PROVIDE (__heap_start, .)

.eeprom         0x00810000        0x1
 *(.eeprom*)
 .eeprom        0x00810000        0x1 Main.o
                0x00810000                EEVar
                0x00810001                __eeprom_end = .

.fuse
 *(.fuse)
 *(.lfuse)
 *(.hfuse)
 *(.efuse)

.lock
 *(.lock*)

.signature
 *(.signature*)

.stab           0x00000000      0x378
 *(.stab)
 .stab          0x00000000      0x378 c:/winavr-20071221/bin/../lib/gcc/avr/4.2.2/../../../../avr/lib/avr4/crtm8.o

.stabstr        0x00000000       0x5f
 *(.stabstr)
 .stabstr       0x00000000       0x5f c:/winavr-20071221/bin/../lib/gcc/avr/4.2.2/../../../../avr/lib/avr4/crtm8.o

.stab.excl
 *(.stab.excl)

.stab.exclstr
 *(.stab.exclstr)

.stab.index
 *(.stab.index)

.stab.indexstr
 *(.stab.indexstr)

.comment
 *(.comment)

.debug
 *(.debug)

.line
 *(.line)

.debug_srcinfo
 *(.debug_srcinfo)

.debug_sfnames
 *(.debug_sfnames)

.debug_aranges  0x00000000       0xa0
 *(.debug_aranges)
 .debug_aranges
                0x00000000       0x20 Main.o
 .debug_aranges
                0x00000020       0x20 Motors.o
 .debug_aranges
                0x00000040       0x20 Prox.o
 .debug_aranges
                0x00000060       0x20 Compass.o
 .debug_aranges
                0x00000080       0x20 SerialCereal.o

.debug_pubnames
                0x00000000      0x54c
 *(.debug_pubnames)
 .debug_pubnames
                0x00000000      0x293 Main.o
 .debug_pubnames
                0x00000293      0x19f Motors.o
 .debug_pubnames
                0x00000432       0x31 Prox.o
 .debug_pubnames
                0x00000463       0x86 Compass.o
 .debug_pubnames
                0x000004e9       0x63 SerialCereal.o

.debug_info     0x00000000      0xff1
 *(.debug_info)
 .debug_info    0x00000000      0x975 Main.o
 .debug_info    0x00000975      0x24e Motors.o
 .debug_info    0x00000bc3       0x8e Prox.o
 .debug_info    0x00000c51      0x2c3 Compass.o
 .debug_info    0x00000f14       0xdd SerialCereal.o
 .debug_info    0x00000ff1        0x0 StateOfMind.o
 *(.gnu.linkonce.wi.*)

.debug_abbrev   0x00000000      0x4f1
 *(.debug_abbrev)
 .debug_abbrev  0x00000000      0x27f Main.o
 .debug_abbrev  0x0000027f       0x7a Motors.o
 .debug_abbrev  0x000002f9       0x41 Prox.o
 .debug_abbrev  0x0000033a      0x13a Compass.o
 .debug_abbrev  0x00000474       0x7c SerialCereal.o
 .debug_abbrev  0x000004f0        0x1 StateOfMind.o

.debug_line     0x00000000     0x103b
 *(.debug_line)
 .debug_line    0x00000000      0x97c Main.o
 .debug_line    0x0000097c      0x342 Motors.o
 .debug_line    0x00000cbe       0x70 Prox.o
 .debug_line    0x00000d2e      0x243 Compass.o
 .debug_line    0x00000f71       0xa6 SerialCereal.o
 .debug_line    0x00001017       0x24 StateOfMind.o

.debug_frame    0x00000000      0x410
 *(.debug_frame)
 .debug_frame   0x00000000      0x1b0 Main.o
 .debug_frame   0x000001b0      0x160 Motors.o
 .debug_frame   0x00000310       0x30 Prox.o
 .debug_frame   0x00000340       0x80 Compass.o
 .debug_frame   0x000003c0       0x50 SerialCereal.o

.debug_str      0x00000000      0x6a3
 *(.debug_str)
 .debug_str     0x00000000      0x462 Main.o
                                0x4c8 (size before relaxing)
 .debug_str     0x00000462      0x153 Motors.o
                                0x21a (size before relaxing)
 .debug_str     0x000005b5       0x21 Prox.o
                                 0xe8 (size before relaxing)
 .debug_str     0x000005d6       0x74 Compass.o
                                0x1ba (size before relaxing)
 .debug_str     0x0000064a       0x59 SerialCereal.o
                                0x125 (size before relaxing)

.debug_loc      0x00000000      0x5f3
 *(.debug_loc)
 .debug_loc     0x00000000      0x482 Main.o
 .debug_loc     0x00000482       0xa0 Motors.o
 .debug_loc     0x00000522       0xd1 Compass.o

.debug_macinfo
 *(.debug_macinfo)
OUTPUT(MisterE.elf elf32-avr)
LOAD linker stubs
